// Jest Snapshot v1, https://goo.gl/fbAQLP

exports[`getAllGeneratedAnswers Get all autogenerated answers 1`] = `
[
  {
    "assessmentNumber": "M0064",
    "checkedResponse": {
      "choice": null,
    },
    "integrationMessage": null,
    "integrationStatus": "Pending",
    "mappedType": "FreeForm",
    "questionText": "SSN",
  },
  {
    "assessmentNumber": "CUS11",
    "checkedResponse": {
      "choice": null,
    },
    "integrationMessage": null,
    "integrationStatus": "Pending",
    "mappedType": "FreeForm",
    "questionText": "Branch",
  },
  {
    "assessmentNumber": "M0066",
    "checkedResponse": {
      "choice": null,
    },
    "integrationMessage": null,
    "integrationStatus": "Pending",
    "mappedType": "Date",
    "questionText": "Birth Date",
  },
  {
    "assessmentNumber": "CUS09",
    "checkedResponse": {
      "choice": null,
    },
    "integrationMessage": null,
    "integrationStatus": "Pending",
    "mappedType": "FreeForm",
    "questionText": "Drive time",
  },
  {
    "assessmentNumber": "M0069",
    "checkedResponse": {
      "choice": null,
    },
    "integrationMessage": null,
    "integrationStatus": "Pending",
    "mappedType": "SelectOne",
    "questionText": "Gender",
  },
  {
    "assessmentNumber": "CUS10",
    "checkedResponse": {
      "choice": null,
    },
    "integrationMessage": null,
    "integrationStatus": "Pending",
    "mappedType": "FreeForm",
    "questionText": "Mileage",
  },
  {
    "assessmentNumber": "M0040_A",
    "checkedResponse": {
      "choice": null,
    },
    "integrationMessage": null,
    "integrationStatus": "Pending",
    "mappedType": "FreeForm",
    "questionText": "First Name",
  },
  {
    "assessmentNumber": "M0040_B",
    "checkedResponse": {
      "choice": null,
    },
    "integrationMessage": null,
    "integrationStatus": "Pending",
    "mappedType": "FreeForm",
    "questionText": "Middle Initial",
  },
  {
    "assessmentNumber": "M0040_C",
    "checkedResponse": {
      "choice": null,
    },
    "integrationMessage": null,
    "integrationStatus": "Pending",
    "mappedType": "FreeForm",
    "questionText": "Last Name",
  },
  {
    "assessmentNumber": "M0040_D",
    "checkedResponse": {
      "choice": null,
    },
    "integrationMessage": null,
    "integrationStatus": "Pending",
    "mappedType": "FreeForm",
    "questionText": "Suffix",
  },
  {
    "assessmentNumber": "M0050",
    "checkedResponse": {
      "choice": null,
    },
    "integrationMessage": null,
    "integrationStatus": "Pending",
    "mappedType": "SelectOne",
    "questionText": "Patient State of Residence",
  },
  {
    "assessmentNumber": "M0060",
    "checkedResponse": {
      "choice": null,
    },
    "integrationMessage": null,
    "integrationStatus": "Pending",
    "mappedType": "FreeForm",
    "questionText": "Zip Code",
  },
  {
    "assessmentNumber": "CUS26",
    "checkedResponse": {
      "choice": {
        "address1": undefined,
        "address2": undefined,
        "city": undefined,
        "county": undefined,
        "notes": undefined,
        "serviceLocationType": undefined,
        "state": undefined,
        "zip": undefined,
      },
    },
    "integrationMessage": null,
    "integrationStatus": "Pending",
    "mappedType": "LongText",
    "questionText": "Service Address",
  },
  {
    "assessmentNumber": "CUS02",
    "checkedResponse": {
      "choice": null,
    },
    "integrationMessage": null,
    "integrationStatus": "Pending",
    "mappedType": "LongText",
    "questionText": "Associated Providers",
  },
  {
    "assessmentNumber": "CUS04",
    "checkedResponse": {
      "choice": null,
    },
    "integrationMessage": null,
    "integrationStatus": "Pending",
    "mappedType": "LongText",
    "questionText": "Case Manager",
  },
  {
    "assessmentNumber": "CUS06",
    "checkedResponse": {
      "choice": null,
    },
    "integrationMessage": null,
    "integrationStatus": "Pending",
    "mappedType": "LongText",
    "questionText": "Contacts",
  },
  {
    "assessmentNumber": "M0150",
    "checkedResponse": {
      "choice": null,
    },
    "integrationMessage": null,
    "integrationStatus": "Pending",
    "mappedType": "SelectAllThatApply",
    "questionText": "(C1) (M0150) CURRENT PAYMENT SOURCES FOR HOME CARE: (MARK ALL THAT APPLY.)",
  },
  {
    "assessmentNumber": "M0063",
    "checkedResponse": {
      "choice": "NA",
    },
    "integrationMessage": null,
    "integrationStatus": "Pending",
    "mappedType": "FreeForm",
    "questionText": "Medicare Number",
  },
  {
    "assessmentNumber": "M0065",
    "checkedResponse": {
      "choice": "NA",
    },
    "integrationMessage": null,
    "integrationStatus": "Pending",
    "mappedType": "FreeForm",
    "questionText": "Medicaid Number",
  },
  {
    "assessmentNumber": "M0150_specify",
    "checkedResponse": {
      "choice": "NA",
    },
    "integrationMessage": null,
    "integrationStatus": "Pending",
    "mappedType": "FreeForm",
    "questionText": "INDICATE OTHER FINANCIAL FACTOR(S)",
  },
  {
    "assessmentNumber": "CUS01",
    "checkedResponse": {
      "choice": null,
    },
    "integrationMessage": null,
    "integrationStatus": "Pending",
    "mappedType": "FreeForm",
    "questionText": "Payor Sources",
  },
  {
    "assessmentNumber": "CUS05",
    "checkedResponse": {
      "choice": null,
    },
    "integrationMessage": null,
    "integrationStatus": "Pending",
    "mappedType": "FreeForm",
    "questionText": "Patient Phone Number",
  },
  {
    "assessmentNumber": "CUS024",
    "checkedResponse": {
      "choice": null,
    },
    "integrationMessage": null,
    "integrationStatus": "Pending",
    "mappedType": "FreeForm",
    "questionText": "Patient Mobile Phone Number",
  },
  {
    "assessmentNumber": "CUS025",
    "checkedResponse": {
      "choice": null,
    },
    "integrationMessage": null,
    "integrationStatus": "Pending",
    "mappedType": "FreeForm",
    "questionText": "Patient Alternate Phone Number",
  },
  {
    "assessmentNumber": "CUS03",
    "checkedResponse": {
      "choice": null,
    },
    "integrationMessage": null,
    "integrationStatus": "Pending",
    "mappedType": "LongText",
    "questionText": "Patient Referral Source",
  },
  {
    "assessmentNumber": "M0030",
    "checkedResponse": {
      "choice": null,
    },
    "integrationMessage": null,
    "integrationStatus": "Pending",
    "mappedType": "Date",
    "questionText": "SOC Visit Date",
  },
  {
    "assessmentNumber": "M0090",
    "checkedResponse": {
      "choice": null,
    },
    "integrationMessage": null,
    "integrationStatus": "Pending",
    "mappedType": "Date",
    "questionText": "Date Assessment Completed",
  },
  {
    "assessmentNumber": "AC1",
    "checkedResponse": {
      "choice": null,
    },
    "integrationMessage": null,
    "integrationStatus": "Pending",
    "mappedType": "FreeForm",
    "questionText": "SOC Visit Start Time",
  },
  {
    "assessmentNumber": "CUS08",
    "checkedResponse": {
      "choice": null,
    },
    "integrationMessage": null,
    "integrationStatus": "Pending",
    "mappedType": "FreeForm",
    "questionText": "Minutes Spent with Patient",
  },
  {
    "assessmentNumber": "M0104",
    "checkedResponse": {
      "choice": null,
    },
    "integrationMessage": null,
    "integrationStatus": "Pending",
    "mappedType": "Date",
    "questionText": "(M0104) DATE OF REFERRAL: INDICATE THE DATE THAT THE WRITTEN OR VERBAL REFERRAL FOR INITIATION OR RESUMPTION OF CARE WAS RECEIVED BY THE HHA.",
  },
  {
    "assessmentNumber": "M0102_1",
    "checkedResponse": {
      "choice": "1. YES",
    },
    "integrationMessage": null,
    "integrationStatus": "Pending",
    "mappedType": "SelectOne",
    "questionText": "(E)(M0102) IS THE DATE OF PHYSICIAN-ORDERED START OF CARE / RESUMPTION OF CARE KNOWN?",
  },
  {
    "assessmentNumber": "M0102_2",
    "checkedResponse": {
      "choice": null,
    },
    "integrationMessage": null,
    "integrationStatus": "Pending",
    "mappedType": "Date",
    "questionText": "(M0102) DATE OF PHYSICIAN-ORDERED START OF CARE (RESUMPTION OF CARE): IF THE PHYSICIAN INDICATED A SPECIFIC START OF CARE (RESUMPTION OF CARE) DATE WHEN THE PATIENT WAS REFERRED FOR HOME HEALTH SERVICES, RECORD THE DATE SPECIFIED.",
  },
  {
    "assessmentNumber": "CUS20",
    "checkedResponse": {
      "choice": null,
    },
    "integrationMessage": null,
    "integrationStatus": "Pending",
    "mappedType": "FreeForm",
    "questionText": "Drive Start Time",
  },
  {
    "assessmentNumber": "CUS21",
    "checkedResponse": {
      "choice": null,
    },
    "integrationMessage": null,
    "integrationStatus": "Pending",
    "mappedType": "FreeForm",
    "questionText": "Drive End Time",
  },
  {
    "assessmentNumber": "CUS22",
    "checkedResponse": {
      "choice": null,
    },
    "integrationMessage": null,
    "integrationStatus": "Pending",
    "mappedType": "FreeForm",
    "questionText": "SOC Visit End Time",
  },
  {
    "assessmentNumber": "CUS23",
    "checkedResponse": {
      "choice": null,
    },
    "integrationMessage": null,
    "integrationStatus": "Pending",
    "mappedType": "FreeForm",
    "questionText": "Vital Sign Measurement time",
  },
  {
    "assessmentNumber": "AC1040_exception_comment",
    "checkedResponse": {
      "choice": "test exception notes",
    },
    "integrationMessage": null,
    "integrationStatus": "Pending",
    "mappedType": "FreeForm",
    "questionText": "Comments on height exception",
  },
  {
    "assessmentNumber": "AC1045_exception_comment",
    "checkedResponse": {
      "choice": "test exception notes",
    },
    "integrationMessage": null,
    "integrationStatus": "Pending",
    "mappedType": "FreeForm",
    "questionText": "Comments on weight exception",
  },
  {
    "assessmentNumber": "AC1050_exception_comment",
    "checkedResponse": {
      "choice": "test exception notes",
    },
    "integrationMessage": null,
    "integrationStatus": "Pending",
    "mappedType": "FreeForm",
    "questionText": "Comments on temperature exception",
  },
  {
    "assessmentNumber": "AC1060_exception_comment",
    "checkedResponse": {
      "choice": "test exception notes",
    },
    "integrationMessage": null,
    "integrationStatus": "Pending",
    "mappedType": "FreeForm",
    "questionText": "Comments on pulse exception",
  },
  {
    "assessmentNumber": "AC1070_exception_comment",
    "checkedResponse": {
      "choice": "test exception notes",
    },
    "integrationMessage": null,
    "integrationStatus": "Pending",
    "mappedType": "FreeForm",
    "questionText": "Comments on respirations exception",
  },
  {
    "assessmentNumber": "AC1080_exception_comment",
    "checkedResponse": {
      "choice": "test exception notes",
    },
    "integrationMessage": null,
    "integrationStatus": "Pending",
    "mappedType": "FreeForm",
    "questionText": "Comments on systolic BP exception",
  },
  {
    "assessmentNumber": "AC1083_exception_comment",
    "checkedResponse": {
      "choice": "test exception notes",
    },
    "integrationMessage": null,
    "integrationStatus": "Pending",
    "mappedType": "FreeForm",
    "questionText": "Comments on diastolic BP exception",
  },
  {
    "assessmentNumber": "AC1091_exception_comment",
    "checkedResponse": {
      "choice": "test exception notes",
    },
    "integrationMessage": null,
    "integrationStatus": "Pending",
    "mappedType": "FreeForm",
    "questionText": "Comments on oxygen saturation exception",
  },
  {
    "assessmentNumber": "AC1101_exception_comment",
    "checkedResponse": {
      "choice": "test exception notes",
    },
    "integrationMessage": null,
    "integrationStatus": "Pending",
    "mappedType": "FreeForm",
    "questionText": "Comments on pain level exception",
  },
  {
    "assessmentNumber": "AC1111_exception_comment",
    "checkedResponse": {
      "choice": "test exception notes",
    },
    "integrationMessage": null,
    "integrationStatus": "Pending",
    "mappedType": "FreeForm",
    "questionText": "Comments on blood sugar exception",
  },
  {
    "assessmentNumber": "AC1121_exception_comment",
    "checkedResponse": {
      "choice": "test exception notes",
    },
    "integrationMessage": null,
    "integrationStatus": "Pending",
    "mappedType": "FreeForm",
    "questionText": "Comments on INR level exception",
  },
  {
    "assessmentNumber": "AC1131_exception_comment",
    "checkedResponse": {
      "choice": "test exception notes",
    },
    "integrationMessage": null,
    "integrationStatus": "Pending",
    "mappedType": "FreeForm",
    "questionText": "Comments on prothrombin time exception",
  },
  {
    "assessmentNumber": "AC1141_exception_comment",
    "checkedResponse": {
      "choice": "test exception notes",
    },
    "integrationMessage": null,
    "integrationStatus": "Pending",
    "mappedType": "FreeForm",
    "questionText": "Comments on ankle circumference exception",
  },
  {
    "assessmentNumber": "AC1151_exception_comment",
    "checkedResponse": {
      "choice": "test exception notes",
    },
    "integrationMessage": null,
    "integrationStatus": "Pending",
    "mappedType": "FreeForm",
    "questionText": "Comments on calf circumference exception",
  },
  {
    "assessmentNumber": "AC1161_exception_comment",
    "checkedResponse": {
      "choice": "test exception notes",
    },
    "integrationMessage": null,
    "integrationStatus": "Pending",
    "mappedType": "FreeForm",
    "questionText": "Comments on girth exception",
  },
  {
    "assessmentNumber": "AC1171_exception_comment",
    "checkedResponse": {
      "choice": "test exception notes",
    },
    "integrationMessage": null,
    "integrationStatus": "Pending",
    "mappedType": "FreeForm",
    "questionText": "Comments on head circumference exception",
  },
  {
    "assessmentNumber": "AC1181_exception_comment",
    "checkedResponse": {
      "choice": "test exception notes",
    },
    "integrationMessage": null,
    "integrationStatus": "Pending",
    "mappedType": "FreeForm",
    "questionText": "Comments on instep circumference exception",
  },
  {
    "assessmentNumber": "AC1191_exception_comment",
    "checkedResponse": {
      "choice": "test exception notes",
    },
    "integrationMessage": null,
    "integrationStatus": "Pending",
    "mappedType": "FreeForm",
    "questionText": "Comments on thigh circumference exception",
  },
  {
    "assessmentNumber": "CUS12",
    "checkedResponse": {
      "choice": "YES",
    },
    "integrationMessage": null,
    "integrationStatus": "Pending",
    "mappedType": "SelectOne",
    "questionText": "Was the patient's physician notified about medication interactions?",
  },
  {
    "assessmentNumber": "CUS18",
    "checkedResponse": {
      "choice": "YES",
    },
    "integrationMessage": null,
    "integrationStatus": "Pending",
    "mappedType": "SelectOne",
    "questionText": "Was the patient's physician notified about vital sign exceptions?",
  },
  {
    "assessmentNumber": "CUS13",
    "checkedResponse": {
      "choice": null,
    },
    "integrationMessage": null,
    "integrationStatus": "Pending",
    "mappedType": "FreeForm",
    "questionText": "BIMS Summary Score",
  },
  {
    "assessmentNumber": "D0160",
    "checkedResponse": {
      "choice": null,
    },
    "integrationMessage": null,
    "integrationStatus": "Pending",
    "mappedType": "FreeForm",
    "questionText": "Total Severity Score:",
  },
  {
    "assessmentNumber": "CUS16",
    "checkedResponse": {
      "choice": null,
    },
    "integrationMessage": null,
    "integrationStatus": "Pending",
    "mappedType": "FreeForm",
    "questionText": "ACCORDING TO THE MAHC 10 FALL RISK ASSESSMENT, THIS PATIENT'S SCORE IS:",
  },
  {
    "assessmentNumber": "CUS17",
    "checkedResponse": {
      "choice": null,
    },
    "integrationMessage": null,
    "integrationStatus": "Pending",
    "mappedType": "SelectOne",
    "questionText": "BASED ON THE SCORE, THE PATIENT IS:",
  },
  {
    "assessmentNumber": "CUS14",
    "checkedResponse": {
      "choice": null,
    },
    "integrationMessage": null,
    "integrationStatus": "Pending",
    "mappedType": "FreeForm",
    "questionText": "TOTAL NUTRITION ASSESSMENT SCORE:",
  },
  {
    "assessmentNumber": "CUS15",
    "checkedResponse": {
      "choice": null,
    },
    "integrationMessage": null,
    "integrationStatus": "Pending",
    "mappedType": "SelectOne",
    "questionText": "BASED ON THE SCORE, THE NUTRITIONAL RISK LEVEL IS:",
  },
  {
    "assessmentNumber": "PA-fa9e30",
    "checkedResponse": {
      "choice": null,
    },
    "integrationMessage": null,
    "integrationStatus": "Pending",
    "mappedType": "FreeFormNumber",
    "questionText": "TOTAL SCORE (PATIENTS WITH A TOTAL SCORE OF 12 OR LESS ARE CONSIDERED TO BE AT HIGH RISK OF DEVELOPING PRESSURE ULCERS):",
  },
  {
    "assessmentNumber": "PA-f83cf9",
    "checkedResponse": {
      "choice": null,
    },
    "integrationMessage": null,
    "integrationStatus": "Pending",
    "mappedType": "SelectOne",
    "questionText": "INDICATE THE BRADEN RISK LEVEL PRESENTED:",
  },
  {
    "assessmentNumber": "CUS19",
    "checkedResponse": {
      "choice": "No height data available",
    },
    "integrationMessage": null,
    "integrationStatus": "Pending",
    "mappedType": "FreeForm",
    "questionText": "Patient Height",
  },
  {
    "assessmentNumber": "PA-ec76c0",
    "checkedResponse": {
      "choice": "YES - CONTINUE TO PHQ9 INTERVIEW",
    },
    "integrationMessage": null,
    "integrationStatus": "Pending",
    "mappedType": "SelectOne",
    "questionText": "DID THE PATIENT RESPOND WITH A SYMPTOM PRESENCE OF "NOT ASSESSED/NO INFORMATION" OR A SYMPTOM FREQUENCY OF "7 - 11 DAYS" OR "12 - 14 DAYS"?",
  },
  {
    "assessmentNumber": "AC1045-1",
    "checkedResponse": {
      "choice": null,
    },
    "integrationMessage": null,
    "integrationStatus": "Completed",
    "mappedType": "FreeFormNumber",
    "questionText": "What is the patient's measured weight, in kilogram?",
  },
  {
    "assessmentNumber": "M0080",
    "checkedResponse": {
      "choice": "1-RN",
    },
    "integrationMessage": null,
    "integrationStatus": "Pending",
    "mappedType": "FreeForm",
    "questionText": "Discipline of Person Completing Assignment",
  },
  {
    "assessmentNumber": "M0100",
    "checkedResponse": {
      "choice": "1 - Start of Care - FURTHER VISITS PLANNED",
    },
    "integrationMessage": null,
    "integrationStatus": "Pending",
    "mappedType": "FreeForm",
    "questionText": "(OBQI)(M0100) THIS ASSESSMENT IS CURRENTLY BEING COMPLETED FOR THE FOLLOWING REASON:",
  },
  {
    "assessmentNumber": "M0110",
    "checkedResponse": {
      "choice": "1 - Early",
    },
    "integrationMessage": null,
    "integrationStatus": "Pending",
    "mappedType": "FreeForm",
    "questionText": "Episode Timing",
  },
]
`;
