// Jest Snapshot v1, https://goo.gl/fbAQLP

exports[`Ensure Accentra Configuration is Valid Should not have any top level questions in data file not in config 1`] = `
[
  "AC1000",
  "AC1039",
  "AC1046",
  "AC1059E",
  "AC1069E",
  "AC1079E",
  "AC1090E",
  "AC1",
  "M0018",
  "M0010",
  "M0014",
  "M0016",
  "M0020",
  "M0040_A",
  "M0040_B",
  "M0040_C",
  "M0040_D",
  "M0050",
  "M0060",
  "M0064",
  "M0063",
  "M0065",
  "M0069",
  "M0066",
  "M0150",
  "M0150_specify",
  "A1110A",
  "M0030",
  "M0080",
  "M0090",
  "M0100",
  "M0102",
  "M0104",
  "M0110",
  "C0500",
  "D0160",
  "M1021_A2_ICD",
  "M1021_A2_SEVERITY",
  "M1023_B2_ICD",
  "M1023_B2_SEV",
  "M1023_C2_ICD",
  "M1023_C2_SEV",
  "M1023_D2_ICD",
  "M1023_D2_SEV",
  "M1023_E2_ICD",
  "M1023_E2_SEV",
  "M1023_F2_ICD",
  "M1023_F2_SEV",
  "M1060A",
  "M1060B",
  "N0415_2",
  "O0110_A_old_copy",
  "PA-946407",
  "PA-ee1734",
  "PA-fa9e30",
  "PA-22f022",
  "PA-f83cf9",
  "PA-2c4dff",
  "PA-a5c924",
  "PA-a0c7d8",
  "PA-ec76c0",
  "PA-f7b8c7",
  "PA-35d4af",
  "PA-4cab6a",
  "PA-193d0e",
  "PA-f4f24b",
  "PA-6e5b44",
  "PA-6d3cd4",
  "PA-0efd08",
  "PA-e26b4b",
  "PA-f3cbc0",
  "PA-300edd",
  "PA-07ac47",
  "PA-383ffa",
  "PA-5e1b3a",
  "MQA80Z8BML",
  "MQ5RWEJETF",
  "med_admin_custom",
]
`;
